// Jest Snapshot v1, https://goo.gl/fbAQLP

exports[`DetailsInfo renders correctly 1`] = `
<React.Fragment>
  <div
    className="property__mark"
  >
    <span>
      Premium
    </span>
  </div>
  <div
    className="property__name-wrapper"
  >
    <h1
      className="property__name"
    >
      Waterfront with extraordinary view
    </h1>
    <BookMark
      changeFavorites={[Function]}
      className="property__bookmark-button"
      isFavorite={false}
    />
  </div>
  <div
    className="property__rating rating"
  >
    <div
      className="property__stars rating__stars"
    >
      <span
        style={
          Object {
            "width": "60%",
          }
        }
      />
      <span
        className="visually-hidden"
      >
        Rating
      </span>
    </div>
    <span
      className="property__rating-value rating__value"
    >
      2.7
    </span>
  </div>
  <ul
    className="property__features"
  >
    <li
      className="property__feature property__feature--entire"
    >
      hotel
    </li>
    <li
      className="property__feature property__feature--bedrooms"
    >
      2
    </li>
    <li
      className="property__feature property__feature--adults"
    >
      8
    </li>
  </ul>
  <div
    className="property__price"
  >
    <b
      className="property__price-value"
    >
      €
      393
    </b>
    <span
      className="property__price-text"
    >
       night
    </span>
  </div>
  <div
    className="property__inside"
  >
    <h2
      className="property__inside-title"
    >
      What's inside
    </h2>
    <ul
      className="property__inside-list"
    >
      <li
        className="property__inside-item"
      >
        Breakfast
      </li>
      <li
        className="property__inside-item"
      >
        Washer
      </li>
      <li
        className="property__inside-item"
      >
        Laptop friendly workspace
      </li>
    </ul>
  </div>
</React.Fragment>
`;
